#-----------------------------------------------------------
# Vivado v2024.1 (64-bit)
# SW Build 5076996 on Wed May 22 18:37:14 MDT 2024
# IP Build 5075265 on Wed May 22 21:45:21 MDT 2024
# SharedData Build 5076995 on Wed May 22 18:29:18 MDT 2024
# Start of session at: Tue Sep 16 13:23:49 2025
# Process ID: 5580
# Current directory: C:/Users/nkgMe/Documents/Elevator-Project/elevator_controller_project/elevator_controller_project.runs/synth_1
# Command line: vivado.exe -log elevator_controller.vds -product Vivado -mode batch -messageDb vivado.pb -notrace -source elevator_controller.tcl
# Log file: C:/Users/nkgMe/Documents/Elevator-Project/elevator_controller_project/elevator_controller_project.runs/synth_1/elevator_controller.vds
# Journal file: C:/Users/nkgMe/Documents/Elevator-Project/elevator_controller_project/elevator_controller_project.runs/synth_1\vivado.jou
# Running On        :LAPTOP-I6VBFOB0
# Platform          :Windows Server 2016 or Windows 10
# Operating System  :26100
# Processor Detail  :AMD Ryzen 9 5900HS with Radeon Graphics        
# CPU Frequency     :3294 MHz
# CPU Physical cores:8
# CPU Logical cores :16
# Host memory       :16541 MB
# Swap memory       :13421 MB
# Total Virtual     :29963 MB
# Available Virtual :13798 MB
#-----------------------------------------------------------
source elevator_controller.tcl -notrace
